// Jest Snapshot v1, https://goo.gl/fbAQLP

exports[`Testing AppBar renders as expected 1`] = `ShallowWrapper {}`;
