// Jest Snapshot v1, https://goo.gl/fbAQLP

exports[`Testing Drawer renders as expected 1`] = `ShallowWrapper {}`;
