// Jest Snapshot v1, https://goo.gl/fbAQLP

exports[`Testing Autocomplete renders as expected 1`] = `ShallowWrapper {}`;
